Microchip MPLAB XC8 Compiler V2.45

Linker command line:

-W-3 \
  --edf=C:\Program Files\Microchip\xc8\v2.45\pic\dat\20230818022343_en.msgs \
  -cn -h+dist/default/debug\project.debug.sym \
  --cmf=dist/default/debug\project.debug.cmf -z -Q18F4620 \
  -oC:\Users\Blu-Ray\AppData\Local\Temp\xcAs770.\driver_tmp_3.o \
  --defsym=__MPLAB_BUILD=1 --fixupoverflow=error \
  -Mdist/default/debug/project.debug.map \
  --md=C:\Users\Blu-Ray\AppData\Local\Temp\xcAs770.\driver_tmp_0.dat -E1 \
  -ver=XC8 Compiler --acfsm=1493 -ACODE=00h-0FFFFh -ACONST=00h-0FFFFh \
  -ASMALLCONST=01000h-010FFhx240 -AMEDIUMCONST=01000h-0FFFFh \
  -ACOMRAM=01h-07Fh -AABS1=00h-0F7Fh -ABIGRAM=01h-0F7Fh \
  -ARAM=080h-0FFh,0100h-01FFhx14,0F00h-0F7Fh -ABANK0=080h-0FFh \
  -ABANK1=0100h-01FFh -ABANK2=0200h-02FFh -ABANK3=0300h-03FFh \
  -ABANK4=0400h-04FFh -ABANK5=0500h-05FFh -ABANK6=0600h-06FFh \
  -ABANK7=0700h-07FFh -ABANK8=0800h-08FFh -ABANK9=0900h-09FFh \
  -ABANK10=0A00h-0AFFh -ABANK11=0B00h-0BFFh -ABANK12=0C00h-0CFFh \
  -ABANK13=0D00h-0DFFh -ABANK14=0E00h-0EFFh -ABANK15=0F00h-0F7Fh \
  -ASFR=0F80h-0FFFh -ABIGSFR=0F80h-0FFFh -ACONFIG=0300000h-030000Dh \
  -AIDLOC=0200000h-0200007h -AEEDATA=0F00000h-0F003FFh -peeprom_data=EEDATA \
  -preset_vec=00h,intcode=08h,intcodelo,powerup,init -pramtop=01000h \
  -psmallconst=SMALLCONST -pmediumconst=MEDIUMCONST -pconst=CONST \
  -AFARRAM=00h-00h \
  -prdata=COMRAM,nvrram=COMRAM,nvbit=COMRAM,rbss=COMRAM,rbit=COMRAM \
  -pfarbss=FARRAM,fardata=FARRAM,nvFARRAM=FARRAM \
  -pintsave_regs=BIGRAM,bigbss=BIGRAM,bigdata=BIGRAM -pbss=RAM \
  -pidata=CODE,irdata=CODE,ibigdata=CODE,ifardata=CODE -prparam=COMRAM \
  C:\Users\Blu-Ray\AppData\Local\Temp\xcAs770.\driver_tmp_9.o \
  dist/default/debug\project.debug.o 

Object code version is 3.11

Machine type is 18F4620



                Name                               Link     Load   Length Selector   Space Scale
C:\Users\Blu-Ray\AppData\Local\Temp\xcAs770.\driver_tmp_9.o
                config                           300000   300000        E        0       4
                init                                  E        E        4        4       0
                reset_vec                             0        0        4        0       0
dist/default/debug\project.debug.o
                intcode                               8        8        6        4       0
                config                           300000   300000        E        0       4
                temp                                 6E       6E        1        1       1
                smallconst                         1000     1000        6      800       0
                text17                             148E     148E        4      803       0
                text16                             148A     148A        4      803       0
                text15                             1486     1486        4      803       0
                text14                             1482     1482        4      803       0
                text13                             147E     147E        4      803       0
                text12                             147A     147A        4      803       0
                text11                             1422     1422       1A      803       0
                text10                             1408     1408       1A      803       0
                text9                              13EE     13EE       1A      803       0
                text8                              13D4     13D4       1A      803       0
                text7                              1460     1460        C      803       0
                text6                              1454     1454        C      803       0
                text5                              146C     146C        8      803       0
                text4                              1448     1448        C      803       0
                intcode_body                       1006     1006      366      803       0
                text2                              1492     1492        2      803       0
                text1                              1474     1474        6      803       0
                text0                              143C     143C        C      803       0
                cstackCOMRAM                         6D       6D        1        1       1
                dataCOMRAM                           3B       3B       32        1       1
                bssCOMRAM                             1        1       3A        1       1
                cinit                              136C     136C       36      803       0
                idataCOMRAM                        13A2     13A2       32      803       0

TOTAL           Name                               Link     Load   Length     Space
        CLASS   CODE           
                intcode                               8        8        6         0
                init                                  E        E        4         0
                reset_vec                             0        0        4         0
                text17                             148E     148E        4         0
                text16                             148A     148A        4         0
                text15                             1486     1486        4         0
                text14                             1482     1482        4         0
                text13                             147E     147E        4         0
                text12                             147A     147A        4         0
                text11                             1422     1422       1A         0
                text10                             1408     1408       1A         0
                text9                              13EE     13EE       1A         0
                text8                              13D4     13D4       1A         0
                text7                              1460     1460        C         0
                text6                              1454     1454        C         0
                text5                              146C     146C        8         0
                text4                              1448     1448        C         0
                intcode_body                       1006     1006      366         0
                text2                              1492     1492        2         0
                text1                              1474     1474        6         0
                text0                              143C     143C        C         0
                cinit                              136C     136C       36         0
                idataCOMRAM                        13A2     13A2       32         0

        CLASS   CONST          

        CLASS   SMALLCONST     
                smallconst                         1000     1000        6         0

        CLASS   MEDIUMCONST    

        CLASS   COMRAM         
                temp                                 6E       6E        1         1
                cstackCOMRAM                         6D       6D        1         1
                dataCOMRAM                           3B       3B       32         1
                bssCOMRAM                             1        1       3A         1

        CLASS   ABS1           

        CLASS   BIGRAM         

        CLASS   RAM            

        CLASS   BANK0          

        CLASS   BANK1          

        CLASS   BANK2          

        CLASS   BANK3          

        CLASS   BANK4          

        CLASS   BANK5          

        CLASS   BANK6          

        CLASS   BANK7          

        CLASS   BANK8          

        CLASS   BANK9          

        CLASS   BANK10         

        CLASS   BANK11         

        CLASS   BANK12         

        CLASS   BANK13         

        CLASS   BANK14         

        CLASS   BANK15         

        CLASS   SFR            

        CLASS   BIGSFR         

        CLASS   CONFIG         
                config                           300000   300000        E         4

        CLASS   IDLOC          

        CLASS   EEDATA         

        CLASS   FARRAM         

        CLASS   HEAP           

        CLASS   STACK          



SEGMENTS        Name                           Load    Length   Top    Selector   Space  Class

                reset_vec                      000000  000004  000004         0       0  CODE    
                bssCOMRAM                      000001  00006E  00006F         1       1  COMRAM  
                intcode                        000008  00000A  000012         4       0  CODE    
                smallconst                     001000  000006  001006       800       0  SMALLCON
                intcode_body                   001006  00048E  001494       803       0  CODE    


UNUSED ADDRESS RANGES

        Name                Unused          Largest block    Delta
        BANK0            000080-0000FF               80
        BANK1            000100-0001FF              100
        BANK10           000A00-000AFF              100
        BANK11           000B00-000BFF              100
        BANK12           000C00-000CFF              100
        BANK13           000D00-000DFF              100
        BANK14           000E00-000EFF              100
        BANK15           000F00-000F7F               80
        BANK2            000200-0002FF              100
        BANK3            000300-0003FF              100
        BANK4            000400-0004FF              100
        BANK5            000500-0005FF              100
        BANK6            000600-0006FF              100
        BANK7            000700-0007FF              100
        BANK8            000800-0008FF              100
        BANK9            000900-0009FF              100
        BIGRAM           00006F-000F7F              F11
        BIGSFR           000F80-000FFF               80
        CODE             000004-000007                4
                         000012-000FFF              FEE
                         001494-00FFFF             EB6C
        COMRAM           00006F-00007F               11
        CONST            000004-000007                4
                         000012-000FFF              FEE
                         001494-00FFFF             EB6C
        EEDATA           F00000-F003FF              400
        IDLOC            200000-200007                8
        MEDIUMCONST      001494-00FFFF             EB6C
        RAM              000080-000F7F              100
        SFR              000F80-000FFF               80
        SMALLCONST       001494-00FFFF              100

                                  Symbol Table

CCP_Compare_Mode_Set_value@F3119    bssCOMRAM    00002B
RB4_ISR@RB4_source                  cstackCOMRAM 00006D
RB5_ISR@RB5_source                  cstackCOMRAM 00006D
RB6_ISR@RB6_source                  cstackCOMRAM 00006D
RB7_ISR@RB7_source                  cstackCOMRAM 00006D
_ADCON0bits                         (abs)        000FC2
_ADCON1bits                         (abs)        000FC1
_ADCON2bits                         (abs)        000FC0
_ADC_INTERRUPT_HANDLER              bssCOMRAM    000031
_ADC_ISR                            text17       00148E
_ADRESH                             (abs)        000FC4
_ADRESL                             (abs)        000FC3
_Application_Initialization         text1        001474
_CCP1CONbits                        (abs)        000FBD
_CCP1_INTERRUPT_HANDLER             bssCOMRAM    00002F
_CCP1_ISR                           text16       00148A
_CCP2CONbits                        (abs)        000FBA
_CCP2_INTERRUPT_HANDLER             bssCOMRAM    00002D
_CCP2_ISR                           text15       001486
_CCPR1H                             (abs)        000FBF
_CCPR1L                             (abs)        000FBE
_CCPR2H                             (abs)        000FBC
_CCPR2L                             (abs)        000FBB
_EEADR                              (abs)        000FA9
_EEADRH                             (abs)        000FAA
_EECON1bits                         (abs)        000FA6
_EECON2                             (abs)        000FA7
_EEDATA                             (abs)        000FA8
_INT0_INTERRUPT_HANDLER             bssCOMRAM    000029
_INT0_ISR                           text14       001482
_INT1_INTERRUPT_HANDLER             bssCOMRAM    000027
_INT1_ISR                           text13       00147E
_INT2_INTERRUPT_HANDLER             bssCOMRAM    000025
_INT2_ISR                           text12       00147A
_INTCON2bits                        (abs)        000FF1
_INTCON3bits                        (abs)        000FF0
_INTCONbits                         (abs)        000FF2
_INTERRUPT_MANAGER_HIGH             intcode      000008
_LATA                               (abs)        000F89
_LATB                               (abs)        000F8A
_LATC                               (abs)        000F8B
_LATD                               (abs)        000F8C
_LATE                               (abs)        000F8D
_PIE1bits                           (abs)        000F9D
_PIE2bits                           (abs)        000FA0
_PIR1bits                           (abs)        000F9E
_PIR2bits                           (abs)        000FA1
_PORTA                              (abs)        000F80
_PORTB                              (abs)        000F81
_PORTBbits                          (abs)        000F81
_PORTC                              (abs)        000F82
_PORTD                              (abs)        000F83
_PORTE                              (abs)        000F84
_RB4_INTERRUPT_HANDLER_HIGH         bssCOMRAM    000023
_RB4_INTERRUPT_HANDLER_LOW          bssCOMRAM    000021
_RB4_ISR                            text11       001422
_RB4_flag                           dataCOMRAM   00006C
_RB5_INTERRUPT_HANDLER_HIGH         bssCOMRAM    00001F
_RB5_INTERRUPT_HANDLER_LOW          bssCOMRAM    00001D
_RB5_ISR                            text10       001408
_RB5_flag                           dataCOMRAM   00006B
_RB6_INTERRUPT_HANDLER_HIGH         bssCOMRAM    00001B
_RB6_INTERRUPT_HANDLER_LOW          bssCOMRAM    000019
_RB6_ISR                            text9        0013EE
_RB6_flag                           dataCOMRAM   00006A
_RB7_INTERRUPT_HANDLER_HIGH         bssCOMRAM    000017
_RB7_INTERRUPT_HANDLER_LOW          bssCOMRAM    000015
_RB7_ISR                            text8        0013D4
_RB7_flag                           dataCOMRAM   000069
_T0CONbits                          (abs)        000FD5
_T1CONbits                          (abs)        000FCD
_T2CONbits                          (abs)        000FCA
_T3CONbits                          (abs)        000FB1
_TMR0H                              (abs)        000FD7
_TMR0L                              (abs)        000FD6
_TMR0_INTERRUPT_HANDLER             bssCOMRAM    000013
_TMR0_ISR                           text7        001460
_TMR1H                              (abs)        000FCF
_TMR1L                              (abs)        000FCE
_TMR1_INTERRUPT_HANDLER             bssCOMRAM    00000F
_TMR1_ISR                           text6        001454
_TMR2                               (abs)        000FCC
_TMR2_INTERRUPT_HANDLER             bssCOMRAM    00000B
_TMR2_ISR                           text5        00146C
_TMR3H                              (abs)        000FB3
_TMR3L                              (abs)        000FB2
_TMR3_INTERRUPT_HANDLER             bssCOMRAM    000009
_TMR3_ISR                           text4        001448
_TRISA                              (abs)        000F92
_TRISB                              (abs)        000F93
_TRISC                              (abs)        000F94
_TRISD                              (abs)        000F95
_TRISE                              (abs)        000F96
_Timer0_Prelaod                     bssCOMRAM    000011
_Timer1_Prelaod                     bssCOMRAM    00000D
_Timer2_Prelaod                     bssCOMRAM    000033
_Timer3_Prelaod                     bssCOMRAM    000007
__HRAM                              (abs)        000000
__H__absolute__                     __absolute__ 000000
__Habs1                             abs1         000000
__Hbank0                            bank0        000000
__Hbank1                            bank1        000000
__Hbank10                           bank10       000000
__Hbank11                           bank11       000000
__Hbank12                           bank12       000000
__Hbank13                           bank13       000000
__Hbank14                           bank14       000000
__Hbank15                           bank15       000000
__Hbank2                            bank2        000000
__Hbank3                            bank3        000000
__Hbank4                            bank4        000000
__Hbank5                            bank5        000000
__Hbank6                            bank6        000000
__Hbank7                            bank7        000000
__Hbank8                            bank8        000000
__Hbank9                            bank9        000000
__Hbigbss                           bigbss       000000
__Hbigdata                          bigdata      000000
__Hbigram                           bigram       000000
__Hbigsfr                           bigsfr       000000
__Hbss                              bss          000000
__HbssCOMRAM                        bssCOMRAM    000000
__Hcinit                            cinit        000000
__Hclrtext                          clrtext      000000
__Hcomram                           comram       000000
__Hconfig                           config       30000E
__Hconst                            const        000000
__HcstackCOMRAM                     cstackCOMRAM 000000
__Hdata                             data         000000
__HdataCOMRAM                       dataCOMRAM   000000
__Heeprom_data                      eeprom_data  000000
__Hfarbss                           farbss       000000
__Hfardata                          fardata      000000
__Hheap                             heap         000000
__Hibigdata                         ibigdata     000000
__Hidata                            idata        000000
__HidataCOMRAM                      idataCOMRAM  000000
__Hidloc                            idloc        000000
__Hifardata                         ifardata     000000
__Hinit                             init         000012
__Hintcode                          intcode      00000E
__Hintcode_body                     intcode_body 000000
__Hintcodelo                        intcodelo    00000E
__Hintentry                         intentry     000000
__Hintret                           intret       000000
__Hintsave_regs                     intsave_regs 000000
__Hirdata                           irdata       000000
__Hmediumconst                      mediumconst  000000
__HnvFARRAM                         nvFARRAM     000000
__Hnvbit                            nvbit        000000
__Hnvrram                           nvrram       000000
__Hparam                            rparam       000000
__Hpowerup                          powerup      00000E
__Hram                              ram          000000
__Hramtop                           ramtop       001000
__Hrbit                             rbit         000000
__Hrbss                             rbss         000000
__Hrdata                            rdata        000000
__Hreset_vec                        reset_vec    000004
__Hrparam                           rparam       000000
__Hsfr                              sfr          000000
__Hsmallconst                       smallconst   001006
__Hspace_0                          (abs)        001494
__Hspace_1                          (abs)        00006F
__Hspace_2                          (abs)        000000
__Hspace_4                          (abs)        60000E
__Hstack                            stack        000000
__Hstruct                           struct       000000
__Htemp                             temp         00006F
__Htext                             text         000000
__Htext0                            text0        000000
__Htext1                            text1        000000
__Htext10                           text10       000000
__Htext11                           text11       000000
__Htext12                           text12       000000
__Htext13                           text13       000000
__Htext14                           text14       000000
__Htext15                           text15       000000
__Htext16                           text16       000000
__Htext17                           text17       000000
__Htext2                            text2        000000
__Htext4                            text4        000000
__Htext5                            text5        000000
__Htext6                            text6        000000
__Htext7                            text7        000000
__Htext8                            text8        000000
__Htext9                            text9        000000
__LRAM                              (abs)        000001
__L__absolute__                     __absolute__ 000000
__Labs1                             abs1         000000
__Lbank0                            bank0        000000
__Lbank1                            bank1        000000
__Lbank10                           bank10       000000
__Lbank11                           bank11       000000
__Lbank12                           bank12       000000
__Lbank13                           bank13       000000
__Lbank14                           bank14       000000
__Lbank15                           bank15       000000
__Lbank2                            bank2        000000
__Lbank3                            bank3        000000
__Lbank4                            bank4        000000
__Lbank5                            bank5        000000
__Lbank6                            bank6        000000
__Lbank7                            bank7        000000
__Lbank8                            bank8        000000
__Lbank9                            bank9        000000
__Lbigbss                           bigbss       000000
__Lbigdata                          bigdata      000000
__Lbigram                           bigram       000000
__Lbigsfr                           bigsfr       000000
__Lbss                              bss          000000
__LbssCOMRAM                        bssCOMRAM    000000
__Lcinit                            cinit        000000
__Lclrtext                          clrtext      000000
__Lcomram                           comram       000000
__Lconfig                           config       000000
__Lconst                            const        000000
__LcstackCOMRAM                     cstackCOMRAM 000000
__Ldata                             data         000000
__LdataCOMRAM                       dataCOMRAM   000000
__Leeprom_data                      eeprom_data  000000
__Lfarbss                           farbss       000000
__Lfardata                          fardata      000000
__Lheap                             heap         000000
__Libigdata                         ibigdata     000000
__Lidata                            idata        000000
__LidataCOMRAM                      idataCOMRAM  000000
__Lidloc                            idloc        000000
__Lifardata                         ifardata     000000
__Linit                             init         00000E
__Lintcode                          intcode      000008
__Lintcode_body                     intcode_body 000000
__Lintcodelo                        intcodelo    00000E
__Lintentry                         intentry     000000
__Lintret                           intret       000000
__Lintsave_regs                     intsave_regs 000000
__Lirdata                           irdata       000000
__Lmediumconst                      mediumconst  000000
__LnvFARRAM                         nvFARRAM     000000
__Lnvbit                            nvbit        000000
__Lnvrram                           nvrram       000000
__Lparam                            rparam       000000
__Lpowerup                          powerup      00000E
__Lram                              ram          000000
__Lramtop                           ramtop       001000
__Lrbit                             rbit         000000
__Lrbss                             rbss         000000
__Lrdata                            rdata        000000
__Lreset_vec                        reset_vec    000000
__Lrparam                           rparam       000000
__Lsfr                              sfr          000000
__Lsmallconst                       smallconst   001000
__Lspace_0                          (abs)        000000
__Lspace_1                          (abs)        000000
__Lspace_2                          (abs)        000000
__Lspace_4                          (abs)        000000
__Lstack                            stack        000000
__Lstruct                           struct       000000
__Ltemp                             temp         00006E
__Ltext                             text         000000
__Ltext0                            text0        000000
__Ltext1                            text1        000000
__Ltext10                           text10       000000
__Ltext11                           text11       000000
__Ltext12                           text12       000000
__Ltext13                           text13       000000
__Ltext14                           text14       000000
__Ltext15                           text15       000000
__Ltext16                           text16       000000
__Ltext17                           text17       000000
__Ltext2                            text2        000000
__Ltext4                            text4        000000
__Ltext5                            text5        000000
__Ltext6                            text6        000000
__Ltext7                            text7        000000
__Ltext8                            text8        000000
__Ltext9                            text9        000000
__S0                                (abs)        001494
__S1                                (abs)        00006F
__S4                                (abs)        000000
__S5                                (abs)        000000
___heap_hi                          (abs)        000000
___heap_lo                          (abs)        000000
___inthi_sp                         stack        000000
___inthi_stack_hi                   stack        000000
___inthi_stack_lo                   stack        000000
___intlo_sp                         stack        000000
___intlo_stack_hi                   stack        000000
___intlo_stack_lo                   stack        000000
___param_bank                       (abs)        000000
___rparam_used                      (abs)        000001
___sp                               stack        000000
___stack_hi                         stack        000000
___stack_lo                         stack        000000
__accesstop                         (abs)        000080
__activetblptr                      (abs)        000003
__end_of_ADC_ISR                    text17       001492
__end_of_Application_Initialization text1        00147A
__end_of_CCP1_ISR                   text16       00148E
__end_of_CCP2_ISR                   text15       00148A
__end_of_INT0_ISR                   text14       001486
__end_of_INT1_ISR                   text13       001482
__end_of_INT2_ISR                   text12       00147E
__end_of_INTERRUPT_MANAGER_HIGH     intcode_body 00136C
__end_of_RB4_ISR                    text11       00143C
__end_of_RB5_ISR                    text10       001422
__end_of_RB6_ISR                    text9        001408
__end_of_RB7_ISR                    text8        0013EE
__end_of_TMR0_ISR                   text7        00146C
__end_of_TMR1_ISR                   text6        001460
__end_of_TMR2_ISR                   text5        001474
__end_of_TMR3_ISR                   text4        001454
__end_of__initialization            cinit        001398
__end_of_ecu_layer_Initialization   text2        001494
__end_of_main                       text0        001448
__initialization                    cinit        00136C
__mediumconst                       mediumconst  000000
__pbssCOMRAM                        bssCOMRAM    000001
__pcinit                            cinit        00136C
__pcstackCOMRAM                     cstackCOMRAM 00006D
__pdataCOMRAM                       dataCOMRAM   00003B
__pidataCOMRAM                      idataCOMRAM  0013A2
__pintcode                          intcode      000008
__pintcode_body                     intcode_body 001006
__psmallconst                       smallconst   001000
__ptext0                            text0        00143C
__ptext1                            text1        001474
__ptext10                           text10       001408
__ptext11                           text11       001422
__ptext12                           text12       00147A
__ptext13                           text13       00147E
__ptext14                           text14       001482
__ptext15                           text15       001486
__ptext16                           text16       00148A
__ptext17                           text17       00148E
__ptext2                            text2        001492
__ptext4                            text4        001448
__ptext5                            text5        00146C
__ptext6                            text6        001454
__ptext7                            text7        001460
__ptext8                            text8        0013D4
__ptext9                            text9        0013EE
__ramtop                            ramtop       001000
__smallconst                        smallconst   001000
_ecu_layer_Initialization           text2        001492
_keypad_values                      dataCOMRAM   00003B
_lat_registers                      dataCOMRAM   000055
_main                               text0        00143C
_port_registers                     dataCOMRAM   00004B
_tris_registers                     dataCOMRAM   00005F
btemp                               temp         00006E
ecu_led_initialize@F3059            bssCOMRAM    00003A
ecu_led_turn_off@F3069              bssCOMRAM    000038
ecu_led_turn_on@F3064               bssCOMRAM    000039
ecu_led_turn_toggle@F3074           bssCOMRAM    000037
ecu_relay_initialize@F3053          bssCOMRAM    000036
ecu_relay_off@F3063                 bssCOMRAM    000034
ecu_relay_on@F3058                  bssCOMRAM    000035
end_of_initialization               cinit        001398
int$flags                           temp         00006E
int_func                            intcode_body 001006
intlevel0                           text         000000
intlevel1                           text         000000
intlevel2                           text         000000
intlevel3                           text         000000
isa$std                             (abs)        000001
isa$xinst                           (abs)        000000
stackhi                             (abs)        000000
stacklo                             (abs)        000000
start                               init         00000E
start_initialization                cinit        00136C
ttemp5                              temp         00006F
ttemp6                              temp         000072
ttemp7                              temp         000076
wtemp8                              temp         00006F


MODULE INFORMATION

Module		Function		Class		Link	Load	Size
MCAL_layer/Interrupt/mcal_interrupt_manager.c
		_INTERRUPT_MANAGER_HIGH		CODE           	0008	0000	876

MCAL_layer/Interrupt/mcal_interrupt_manager.c estimated size: 876

MCAL_layer/Interrupt/mcal_external_interrupt.c
		_RB4_ISR       		CODE           	1422	0000	26
		_RB5_ISR       		CODE           	1408	0000	26
		_RB6_ISR       		CODE           	13EE	0000	26
		_RB7_ISR       		CODE           	13D4	0000	26
		_INT0_ISR      		CODE           	1482	0000	4
		_INT1_ISR      		CODE           	147E	0000	4
		_INT2_ISR      		CODE           	147A	0000	4

MCAL_layer/Interrupt/mcal_external_interrupt.c estimated size: 116

ECU_layer/ecu_layer_init.c
		_ecu_layer_Initialization		CODE           	1492	0000	2

ECU_layer/ecu_layer_init.c estimated size: 2

MCAL_layer/CCP1/hal_ccp.c
		_CCP1_ISR      		CODE           	148A	0000	4
		_CCP2_ISR      		CODE           	1486	0000	4

MCAL_layer/CCP1/hal_ccp.c estimated size: 8

MCAL_layer/TIMER1/hal_Tmer1.c
		_TMR1_ISR      		CODE           	1454	0000	12

MCAL_layer/TIMER1/hal_Tmer1.c estimated size: 12

MCAL_layer/TIMER3/hal_Timer3.c
		_TMR3_ISR      		CODE           	1448	0000	12

MCAL_layer/TIMER3/hal_Timer3.c estimated size: 12

MCAL_layer/TIMER2/hal_Timer2.c
		_TMR2_ISR      		CODE           	146C	0000	8

MCAL_layer/TIMER2/hal_Timer2.c estimated size: 8

MCAL_layer/ADC/hal_adc.c
		_ADC_ISR       		CODE           	148E	0000	4

MCAL_layer/ADC/hal_adc.c estimated size: 4

shared
		__initialization		CODE           	136C	0000	44

shared estimated size: 44

MCAL_layer/Timer/hal_timer0.c
		_TMR0_ISR      		CODE           	1460	0000	12

MCAL_layer/Timer/hal_timer0.c estimated size: 12

application.c
		_main          		CODE           	143C	0000	12
		_Application_Initialization		CODE           	1474	0000	6

application.c estimated size: 18

